ARM Linker, 5.03 [Build 76] [MDK-ARM Professional]

==============================================================================

Section Cross References

    startup.o(STACK) refers (Special) to heapauxi.o(.text) for __use_two_region_memory
    startup.o(HEAP) refers (Special) to heapauxi.o(.text) for __use_two_region_memory
    startup.o(RESET) refers (Special) to heapauxi.o(.text) for __use_two_region_memory
    startup.o(RESET) refers to startup.o(STACK) for StackMem
    startup.o(RESET) refers to sound.o(i.SysTick_Handler) for SysTick_Handler
    startup.o(RESET) refers to timer0.o(i.Timer0A_Handler) for Timer0A_Handler
    startup.o(RESET) refers to timer1.o(i.Timer1A_Handler) for Timer1A_Handler
    startup.o(RESET) refers to texas.o(.text) for Timer4A_Handler
    startup.o(RESET) refers to __main.o(!!!main) for __main
    startup.o(.text) refers (Special) to heapauxi.o(.text) for __use_two_region_memory
    startup.o(.text) refers to startup.o(HEAP) for HeapMem
    startup.o(.text) refers to startup.o(STACK) for StackMem
    random.o(.text) refers to random.o(DATA) for M
    timer0.o(i.Timer0A_Handler) refers to timer0.o(.data) for PeriodicTask0
    timer0.o(i.Timer0_Init) refers to timer0.o(.data) for PeriodicTask0
    timer1.o(i.Timer1A_Handler) refers to timer1.o(.data) for PeriodicTask1
    timer1.o(i.Timer1_Init) refers to timer1.o(.data) for PeriodicTask1
    sound.o(i.Sound_Battle1) refers to sound.o(i.Sound_Play) for Sound_Play
    sound.o(i.Sound_Battle1) refers to sound.o(.data) for Index
    sound.o(i.Sound_Battle1) refers to sound.o(.constdata) for road1
    sound.o(i.Sound_Hit) refers to sound.o(.data) for Index
    sound.o(i.Sound_Init) refers to dac.o(i.DAC_Init) for DAC_Init
    sound.o(i.Sound_Init) refers to sound.o(.data) for Index
    sound.o(i.Sound_Lose) refers to sound.o(i.Sound_Play) for Sound_Play
    sound.o(i.Sound_Lose) refers to sound.o(.data) for Index
    sound.o(i.Sound_Lose) refers to sound.o(.constdata) for lose
    sound.o(i.Sound_Obtain) refers to sound.o(i.Sound_Play) for Sound_Play
    sound.o(i.Sound_Obtain) refers to sound.o(.data) for Index
    sound.o(i.Sound_Obtain) refers to sound.o(.constdata) for obtain
    sound.o(i.Sound_Open) refers to sound.o(.data) for Index
    sound.o(i.Sound_Play) refers to sound.o(.data) for ptr
    sound.o(i.Sound_Resume) refers to sound.o(.data) for indexBak
    sound.o(i.Sound_Select) refers to sound.o(i.Sound_Play) for Sound_Play
    sound.o(i.Sound_Select) refers to sound.o(.data) for Index
    sound.o(i.Sound_Select) refers to sound.o(.constdata) for select
    sound.o(i.Sound_Stop) refers to sound.o(i.Sound_Play) for Sound_Play
    sound.o(i.Sound_Stop) refers to sound.o(.data) for Index
    sound.o(i.Sound_Stop) refers to sound.o(.constdata) for nothing
    sound.o(i.Sound_Thunder) refers to sound.o(.data) for Index
    sound.o(i.Sound_Win) refers to sound.o(i.Sound_Play) for Sound_Play
    sound.o(i.Sound_Win) refers to sound.o(.data) for Index
    sound.o(i.Sound_Win) refers to sound.o(.constdata) for win
    sound.o(i.SysTick_Handler) refers to dac.o(i.DAC_Out) for DAC_Out
    sound.o(i.SysTick_Handler) refers to sound.o(.data) for Index
    print.o(.text) refers (Special) to st7735.o(i.ST7735_OutString) for ST7735_OutString
    print.o(.text) refers to st7735.o(i.ST7735_OutChar) for ST7735_OutChar
    spaceinvaders.o(i.main) refers to texas.o(.text) for TExaS_Init
    spaceinvaders.o(i.main) refers to st7735.o(i.Output_Init) for Output_Init
    spaceinvaders.o(i.main) refers to timer0.o(i.PortE_Init) for PortE_Init
    spaceinvaders.o(i.main) refers to adc.o(i.ADC_Init) for ADC_Init
    spaceinvaders.o(i.main) refers to st7735.o(i.ST7735_SetRotation) for ST7735_SetRotation
    spaceinvaders.o(i.main) refers to rt_memcpy_w.o(.text) for __aeabi_memcpy4
    spaceinvaders.o(i.main) refers to startup.o(.text) for EnableInterrupts
    spaceinvaders.o(i.main) refers to st7735.o(i.ST7735_Color565) for ST7735_Color565
    spaceinvaders.o(i.main) refers to st7735.o(i.ST7735_FillScreen) for ST7735_FillScreen
    spaceinvaders.o(i.main) refers to st7735.o(i.ST7735_DrawBitmap) for ST7735_DrawBitmap
    spaceinvaders.o(i.main) refers to st7735.o(i.ST7735_DrawChar) for ST7735_DrawChar
    spaceinvaders.o(i.main) refers to st7735.o(i.ST7735_DrawString) for ST7735_DrawString
    spaceinvaders.o(i.main) refers to spaceinvaders.o(i.Delay100ms) for Delay100ms
    spaceinvaders.o(i.main) refers to st7735.o(i.ST7735_FillRect) for ST7735_FillRect
    spaceinvaders.o(i.main) refers to sound.o(i.Sound_Init) for Sound_Init
    spaceinvaders.o(i.main) refers to sound.o(i.Sound_Select) for Sound_Select
    spaceinvaders.o(i.main) refers to random.o(.text) for Random_Init
    spaceinvaders.o(i.main) refers to charselect.o(i.CharSelect) for CharSelect
    spaceinvaders.o(i.main) refers to timer0.o(i.Timer0_Init) for Timer0_Init
    spaceinvaders.o(i.main) refers to timer1.o(i.Timer1_Init) for Timer1_Init
[...]
    defsig_rtmem_outer.o(.text) refers to defsig_exit.o(.text) for __sig_exit
    defsig_rtmem_formal.o(.text) refers to rt_raise.o(.text) for __rt_raise
    rt_raise.o(.text) refers to __raise.o(.text) for __raise
    rt_raise.o(.text) refers to sys_exit.o(.text) for _sys_exit
    defsig_exit.o(.text) refers to sys_exit.o(.text) for _sys_exit
    defsig_rtmem_inner.o(.text) refers to defsig_general.o(.text) for __default_signal_display
    __raise.o(.text) refers to defsig.o(CL$$defsig) for __default_signal_handler
    defsig_general.o(.text) refers to sys_wrch.o(.text) for _ttywrch
    sys_wrch.o(.text) refers (Special) to use_no_semi.o(.text) for __I$use$semihosting
    sys_wrch.o(.text) refers (Special) to indicate_semi.o(.text) for __semihosting_library_function
    defsig.o(CL$$defsig) refers to defsig_rtmem_inner.o(.text) for __rt_SIGRTMEM_inner
    defsig_abrt_inner.o(.text) refers to defsig_general.o(.text) for __default_signal_display
    defsig_fpe_inner.o(.text) refers to defsig_general.o(.text) for __default_signal_display
    defsig_rtred_inner.o(.text) refers to defsig_general.o(.text) for __default_signal_display
    defsig_stak_inner.o(.text) refers to defsig_general.o(.text) for __default_signal_display
    defsig_pvfn_inner.o(.text) refers to defsig_general.o(.text) for __default_signal_display
    defsig_cppl_inner.o(.text) refers to defsig_general.o(.text) for __default_signal_display
    defsig_segv_inner.o(.text) refers to defsig_general.o(.text) for __default_signal_display
    defsig_other.o(.text) refers to defsig_general.o(.text) for __default_signal_display


==============================================================================

Removing Unused input sections from the image.

    Removing sound.o(i.Sound_Hit), (20 bytes).
    Removing sound.o(i.Sound_Open), (20 bytes).
    Removing sound.o(i.Sound_Thunder), (20 bytes).
    Removing print.o(.text), (224 bytes).
    Removing st7735.o(i.Output_Clear), (10 bytes).
    Removing st7735.o(i.Output_Color), (12 bytes).
    Removing st7735.o(i.Output_Off), (8 bytes).
    Removing st7735.o(i.Output_On), (8 bytes).
    Removing st7735.o(i.ST7735_InitB), (40 bytes).
    Removing st7735.o(i.ST7735_InvertDisplay), (22 bytes).
    Removing st7735.o(i.ST7735_PlotBar), (88 bytes).
    Removing st7735.o(i.ST7735_PlotClear), (92 bytes).
    Removing st7735.o(i.ST7735_PlotLine), (264 bytes).
    Removing st7735.o(i.ST7735_PlotNext), (32 bytes).
    Removing st7735.o(i.ST7735_PlotNextErase), (64 bytes).
    Removing st7735.o(i.ST7735_PlotPoint), (152 bytes).
    Removing st7735.o(i.ST7735_PlotPoints), (172 bytes).
    Removing st7735.o(i.ST7735_PlotdBfs), (60 bytes).
    Removing st7735.o(i.ST7735_SetTextColor), (12 bytes).
    Removing st7735.o(i.ST7735_SwapColor), (18 bytes).
    Removing st7735.o(i.ferror), (8 bytes).
    Removing st7735.o(i.fgetc), (6 bytes).
    Removing st7735.o(i.fputc), (16 bytes).
    Removing movement.o(i.Delayms), (32 bytes).
    Removing hpbar.o(i.HPConvertAI), (20 bytes).
    Removing hpbar.o(i.HPConvertPlayer), (20 bytes).
    Removing resultsscreen.o(.constdata), (2820 bytes).

27 unused section(s) (total 4260 bytes) removed from the image.

==============================================================================

Image Symbol Table

    Local Symbols

    Symbol Name                              Value     Ov Type        Size  Object(Section)

    RESET                                    0x00000000   Section      644  startup.o(RESET)
    ../clib/angel/boardlib.s                 0x00000000   Number         0  boardinit2.o ABSOLUTE
    ../clib/angel/boardlib.s                 0x00000000   Number         0  boardshut.o ABSOLUTE
    ../clib/angel/boardlib.s                 0x00000000   Number         0  boardinit1.o ABSOLUTE
    ../clib/angel/boardlib.s                 0x00000000   Number         0  boardinit3.o ABSOLUTE
    ../clib/angel/dczerorl2.s                0x00000000   Number         0  __dczerorl2.o ABSOLUTE
    ../clib/angel/handlers.s                 0x00000000   Number         0  __scatter_zi.o ABSOLUTE
    ../clib/angel/kernel.s                   0x00000000   Number         0  rtexit2.o ABSOLUTE
    ../clib/angel/kernel.s                   0x00000000   Number         0  rtentry.o ABSOLUTE
    ../clib/angel/kernel.s                   0x00000000   Number         0  rtentry2.o ABSOLUTE
    ../clib/angel/kernel.s                   0x00000000   Number         0  rtexit.o ABSOLUTE
    ../clib/angel/kernel.s                   0x00000000   Number         0  rtentry4.o ABSOLUTE
    ../clib/angel/rt.s                       0x00000000   Number         0  rt_raise.o ABSOLUTE
    ../clib/angel/scatter.s                  0x00000000   Number         0  __scatter.o ABSOLUTE
    ../clib/angel/startup.s                  0x00000000   Number         0  __main.o ABSOLUTE
    ../clib/angel/sys.s                      0x00000000   Number         0  indicate_semi.o ABSOLUTE
    ../clib/angel/sys.s                      0x00000000   Number         0  libspace.o ABSOLUTE
    ../clib/angel/sys.s                      0x00000000   Number         0  use_no_semi.o ABSOLUTE
    ../clib/angel/sys.s                      0x00000000   Number         0  sys_stackheap_outer.o ABSOLUTE
    ../clib/angel/sysapp.c                   0x00000000   Number         0  sys_exit.o ABSOLUTE
    ../clib/angel/sysapp.c                   0x00000000   Number         0  sys_wrch.o ABSOLUTE
    ../clib/angel/sysapp.c                   0x00000000   Number         0  sys_command.o ABSOLUTE
    ../clib/armsys.c                         0x00000000   Number         0  no_argv.o ABSOLUTE
    ../clib/armsys.c                         0x00000000   Number         0  _get_argv_nomalloc.o ABSOLUTE
    ../clib/armsys.c                         0x00000000   Number         0  argv_veneer.o ABSOLUTE
    ../clib/armsys.c                         0x00000000   Number         0  argv_veneer.o ABSOLUTE
    ../clib/heapalloc.c                      0x00000000   Number         0  hrguard.o ABSOLUTE
    ../clib/heapaux.c                        0x00000000   Number         0  heapauxi.o ABSOLUTE
    ../clib/libinit.s                        0x00000000   Number         0  libshutdown.o ABSOLUTE
    ../clib/libinit.s                        0x00000000   Number         0  libinit.o ABSOLUTE
    ../clib/libinit.s                        0x00000000   Number         0  libshutdown2.o ABSOLUTE
    ../clib/libinit.s                        0x00000000   Number         0  libinit2.o ABSOLUTE
    ../clib/memcpset.s                       0x00000000   Number         0  rt_memcpy_w.o ABSOLUTE
    ../clib/signal.c                         0x00000000   Number         0  defsig_rtred_inner.o ABSOLUTE
    ../clib/signal.c                         0x00000000   Number         0  defsig_fpe_inner.o ABSOLUTE
    ../clib/signal.c                         0x00000000   Number         0  defsig_abrt_inner.o ABSOLUTE
    ../clib/signal.c                         0x00000000   Number         0  defsig_exit.o ABSOLUTE
    ../clib/signal.c                         0x00000000   Number         0  __raise.o ABSOLUTE
    ../clib/signal.c                         0x00000000   Number         0  defsig_rtmem_inner.o ABSOLUTE
    ../clib/signal.c                         0x00000000   Number         0  defsig_rtmem_outer.o ABSOLUTE
    ../clib/signal.c                         0x00000000   Number         0  defsig_rtmem_formal.o ABSOLUTE
    ../clib/signal.c                         0x00000000   Number         0  defsig_general.o ABSOLUTE
    ../clib/signal.c                         0x00000000   Number         0  defsig_stak_inner.o ABSOLUTE
    ../clib/signal.c                         0x00000000   Number         0  defsig_segv_inner.o ABSOLUTE
    ../clib/signal.c                         0x00000000   Number         0  defsig_other.o ABSOLUTE
    ../clib/signal.c                         0x00000000   Number         0  defsig_cppl_inner.o ABSOLUTE
    ../clib/signal.c                         0x00000000   Number         0  defsig_pvfn_inner.o ABSOLUTE
    ../clib/signal.s                         0x00000000   Number         0  defsig.o ABSOLUTE
    ../clib/stdlib.c                         0x00000000   Number         0  exit.o ABSOLUTE
    ../fplib/fpinit.s                        0x00000000   Number         0  fpinit.o ABSOLUTE
    ADC.c                                    0x00000000   Number         0  adc.o ABSOLUTE
    CharSelect.c                             0x00000000   Number         0  charselect.o ABSOLUTE
    Collision.c                              0x00000000   Number         0  collision.o ABSOLUTE
    DAC.c                                    0x00000000   Number         0  dac.o ABSOLUTE
    Enemy.c                                  0x00000000   Number         0  enemy.o ABSOLUTE
    HpBar.c                                  0x00000000   Number         0  hpbar.o ABSOLUTE
    LCD.s                                    0x00000000   Number         0  lcd.o ABSOLUTE
    Movement.c                               0x00000000   Number         0  movement.o ABSOLUTE
    Player.c                                 0x00000000   Number         0  player.o ABSOLUTE
    Print.s                                  0x00000000   Number         0  print.o ABSOLUTE
    ResultsScreen.c                          0x00000000   Number         0  resultsscreen.o ABSOLUTE
    Roulette.c                               0x00000000   Number         0  roulette.o ABSOLUTE
    ST7735.c                                 0x00000000   Number         0  st7735.o ABSOLUTE
    Sound.c                                  0x00000000   Number         0  sound.o ABSOLUTE
    SpaceInvaders.c                          0x00000000   Number         0  spaceinvaders.o ABSOLUTE
    TExaS.c                                  0x00000000   Number         0  texas.o ABSOLUTE
    Timer0.c                                 0x00000000   Number         0  timer0.o ABSOLUTE
    Timer1.c                                 0x00000000   Number         0  timer1.o ABSOLUTE
    dc.s                                     0x00000000   Number         0  dc.o ABSOLUTE
    random.s                                 0x00000000   Number         0  random.o ABSOLUTE
    startup.s                                0x00000000   Number         0  startup.o ABSOLUTE
    !!!main                                  0x00000284   Section        8  __main.o(!!!main)
    !!!scatter                               0x0000028c   Section       52  __scatter.o(!!!scatter)
    !!dczerorl2                              0x000002c0   Section       90  __dczerorl2.o(!!dczerorl2)
    !!handler_zi                             0x0000031c   Section       28  __scatter_zi.o(!!handler_zi)
    .ARM.Collect$$libinit$$00000000          0x00000338   Section        2  libinit.o(.ARM.Collect$$libinit$$00000000)
    .ARM.Collect$$libinit$$00000002          0x0000033a   Section        0  libinit2.o(.ARM.Collect$$libinit$$00000002)
    .ARM.Collect$$libinit$$00000008          0x0000033a   Section        0  libinit2.o(.ARM.Collect$$libinit$$00000008)
    .ARM.Collect$$libinit$$0000000A          0x0000033a   Section        0  libinit2.o(.ARM.Collect$$libinit$$0000000A)
    .ARM.Collect$$libinit$$0000000C          0x0000033a   Section        0  libinit2.o(.ARM.Collect$$libinit$$0000000C)
    .ARM.Collect$$libinit$$0000000F          0x0000033a   Section        0  libinit2.o(.ARM.Collect$$libinit$$0000000F)
    .ARM.Collect$$libinit$$00000011          0x0000033a   Section        0  libinit2.o(.ARM.Collect$$libinit$$00000011)
    .ARM.Collect$$libinit$$00000013          0x0000033a   Section        0  libinit2.o(.ARM.Collect$$libinit$$00000013)
    .ARM.Collect$$libinit$$00000015          0x0000033a   Section        0  libinit2.o(.ARM.Collect$$libinit$$00000015)
    .ARM.Collect$$libinit$$00000017          0x0000033a   Section        0  libinit2.o(.ARM.Collect$$libinit$$00000017)
    .ARM.Collect$$libinit$$00000019          0x0000033a   Section        0  libinit2.o(.ARM.Collect$$libinit$$00000019)
    .ARM.Collect$$libinit$$0000001B          0x0000033a   Section        0  libinit2.o(.ARM.Collect$$libinit$$0000001B)
    .ARM.Collect$$libinit$$0000001D          0x0000033a   Section        0  libinit2.o(.ARM.Collect$$libinit$$0000001D)
    .ARM.Collect$$libinit$$0000001F          0x0000033a   Section        0  libinit2.o(.ARM.Collect$$libinit$$0000001F)
    .ARM.Collect$$libinit$$00000021          0x0000033a   Section        0  libinit2.o(.ARM.Collect$$libinit$$00000021)
    .ARM.Collect$$libinit$$00000023          0x0000033a   Section        0  libinit2.o(.ARM.Collect$$libinit$$00000023)
    .ARM.Collect$$libinit$$0000002A          0x0000033a   Section        0  libinit2.o(.ARM.Collect$$libinit$$0000002A)
    .ARM.Collect$$libinit$$0000002C          0x0000033a   Section        0  libinit2.o(.ARM.Collect$$libinit$$0000002C)
    .ARM.Collect$$libinit$$0000002E          0x0000033a   Section        0  libinit2.o(.ARM.Collect$$libinit$$0000002E)
    .ARM.Collect$$libinit$$00000030          0x0000033a   Section        0  libinit2.o(.ARM.Collect$$libinit$$00000030)
    .ARM.Collect$$libinit$$00000031          0x0000033a   Section        2  libinit2.o(.ARM.Collect$$libinit$$00000031)
    .ARM.Collect$$libshutdown$$00000000      0x0000033c   Section        2  libshutdown.o(.ARM.Collect$$libshutdown$$00000000)
    .ARM.Collect$$libshutdown$$00000003      0x0000033e   Section        0  libshutdown2.o(.ARM.Collect$$libshutdown$$00000003)
    .ARM.Collect$$libshutdown$$00000006      0x0000033e   Section        0  libshutdown2.o(.ARM.Collect$$libshutdown$$00000006)
    .ARM.Collect$$libshutdown$$00000009      0x0000033e   Section        0  libshutdown2.o(.ARM.Collect$$libshutdown$$00000009)
    .ARM.Collect$$libshutdown$$0000000B      0x0000033e   Section        0  libshutdown2.o(.ARM.Collect$$libshutdown$$0000000B)
    .ARM.Collect$$libshutdown$$0000000E      0x0000033e   Section        0  libshutdown2.o(.ARM.Collect$$libshutdown$$0000000E)
    .ARM.Collect$$libshutdown$$0000000F      0x0000033e   Section        2  libshutdown2.o(.ARM.Collect$$libshutdown$$0000000F)
    .ARM.Collect$$rtentry$$00000000          0x00000340   Section        0  rtentry.o(.ARM.Collect$$rtentry$$00000000)
    .ARM.Collect$$rtentry$$00000002          0x00000340   Section        0  rtentry2.o(.ARM.Collect$$rtentry$$00000002)
    .ARM.Collect$$rtentry$$00000004          0x00000340   Section        6  rtentry4.o(.ARM.Collect$$rtentry$$00000004)
    .ARM.Collect$$rtentry$$00000009          0x00000346   Section        0  rtentry2.o(.ARM.Collect$$rtentry$$00000009)
    .ARM.Collect$$rtentry$$0000000A          0x00000346   Section        4  rtentry2.o(.ARM.Collect$$rtentry$$0000000A)
    .ARM.Collect$$rtentry$$0000000C          0x0000034a   Section        0  rtentry2.o(.ARM.Collect$$rtentry$$0000000C)
    .ARM.Collect$$rtentry$$0000000D          0x0000034a   Section        8  rtentry2.o(.ARM.Collect$$rtentry$$0000000D)
    .ARM.Collect$$rtexit$$00000000           0x00000352   Section        2  rtexit.o(.ARM.Collect$$rtexit$$00000000)
    .ARM.Collect$$rtexit$$00000002           0x00000354   Section        0  rtexit2.o(.ARM.Collect$$rtexit$$00000002)
    .ARM.Collect$$rtexit$$00000003           0x00000354   Section        4  rtexit2.o(.ARM.Collect$$rtexit$$00000003)
    .ARM.Collect$$rtexit$$00000004           0x00000358   Section        6  rtexit2.o(.ARM.Collect$$rtexit$$00000004)
    .text                                    0x00000360   Section       48  startup.o(.text)
    .text                                    0x00000390   Section       60  random.o(.text)
    .text                                    0x000003cc   Section       72  lcd.o(.text)
    .text                                    0x00000414   Section        0  texas.o(.text)
    .text                                    0x000008b4   Section      100  rt_memcpy_w.o(.text)
    .text                                    0x00000918   Section        0  heapauxi.o(.text)
    .text                                    0x0000091e   Section       74  sys_stackheap_outer.o(.text)
    .text                                    0x00000968   Section        0  exit.o(.text)
    .text                                    0x00000974   Section        8  libspace.o(.text)
    .text                                    0x0000097c   Section        0  sys_exit.o(.text)
    .text                                    0x00000988   Section        2  use_no_semi.o(.text)
    .text                                    0x0000098a   Section        0  indicate_semi.o(.text)
    i.ADC_In                                 0x0000098c   Section        0  adc.o(i.ADC_In)
    i.ADC_Init                               0x000009b8   Section        0  adc.o(i.ADC_Init)
    i.Atk1                                   0x00000aa0   Section        0  movement.o(i.Atk1)
    i.Atk2                                   0x00000e60   Section        0  movement.o(i.Atk2)
    i.CharSelect                             0x0000148c   Section        0  charselect.o(i.CharSelect)
    i.DAC_Init                               0x000015c0   Section        0  dac.o(i.DAC_Init)
    i.DAC_Out                                0x00001620   Section        0  dac.o(i.DAC_Out)
    i.Dead                                   0x0000162c   Section        0  movement.o(i.Dead)
    i.Delay100ms                             0x0000167c   Section        0  spaceinvaders.o(i.Delay100ms)
    i.Delay10ms                              0x000016a0   Section        0  movement.o(i.Delay10ms)
    i.Delay1ms                               0x000016c4   Section        0  st7735.o(i.Delay1ms)
    i.DetectCollision                        0x000016e4   Section        0  collision.o(i.DetectCollision)
    i.DisplayResults                         0x0000210c   Section        0  resultsscreen.o(i.DisplayResults)
    i.DoNothing                              0x000024a8   Section        0  spaceinvaders.o(i.DoNothing)
    i.DrawHP                                 0x000024ac   Section        0  hpbar.o(i.DrawHP)
    i.Enemy_Update                           0x000027d0   Section        0  enemy.o(i.Enemy_Update)
    i.Jump                                   0x00004a04   Section        0  movement.o(i.Jump)
    i.MoveL                                  0x00004b90   Section        0  movement.o(i.MoveL)
    i.MoveR                                  0x00004c70   Section        0  movement.o(i.MoveR)
    i.Output_Init                            0x00004d50   Section        0  st7735.o(i.Output_Init)
    i.Player_Update                          0x00004d60   Section        0  player.o(i.Player_Update)
    i.PortE_Init                             0x00005b20   Section        0  timer0.o(i.PortE_Init)
    i.ST7735_Color565                        0x00005b80   Section        0  st7735.o(i.ST7735_Color565)
    i.ST7735_DrawBitmap                      0x00005b98   Section        0  st7735.o(i.ST7735_DrawBitmap)
    i.ST7735_DrawChar                        0x00005cb8   Section        0  st7735.o(i.ST7735_DrawChar)
    i.ST7735_DrawCharS                       0x00005dc4   Section        0  st7735.o(i.ST7735_DrawCharS)
    i.ST7735_DrawFastHLine                   0x00005eb8   Section        0  st7735.o(i.ST7735_DrawFastHLine)
    i.ST7735_DrawFastVLine                   0x00005f34   Section        0  st7735.o(i.ST7735_DrawFastVLine)
    i.ST7735_DrawPixel                       0x00005fb0   Section        0  st7735.o(i.ST7735_DrawPixel)
    i.ST7735_DrawString                      0x00005ff8   Section        0  st7735.o(i.ST7735_DrawString)
    i.ST7735_FillRect                        0x00006050   Section        0  st7735.o(i.ST7735_FillRect)
    i.ST7735_FillScreen                      0x000060fc   Section        0  st7735.o(i.ST7735_FillScreen)
    i.ST7735_InitR                           0x00006120   Section        0  st7735.o(i.ST7735_InitR)
    i.ST7735_OutChar                         0x0000619c   Section        0  st7735.o(i.ST7735_OutChar)
    i.ST7735_OutString                       0x00006270   Section        0  st7735.o(i.ST7735_OutString)
    i.ST7735_OutUDec                         0x00006288   Section        0  st7735.o(i.ST7735_OutUDec)
    i.ST7735_SetCursor                       0x00006314   Section        0  st7735.o(i.ST7735_SetCursor)
    i.ST7735_SetRotation                     0x00006334   Section        0  st7735.o(i.ST7735_SetRotation)
    i.Sound_Battle1                          0x00006408   Section        0  sound.o(i.Sound_Battle1)
    i.Sound_Init                             0x00006430   Section        0  sound.o(i.Sound_Init)
    i.Sound_Lose                             0x000064d0   Section        0  sound.o(i.Sound_Lose)
    i.Sound_Obtain                           0x000064f4   Section        0  sound.o(i.Sound_Obtain)
    i.Sound_Play                             0x00006518   Section        0  sound.o(i.Sound_Play)
    i.Sound_Resume                           0x0000652c   Section        0  sound.o(i.Sound_Resume)
    i.Sound_Select                           0x00006540   Section        0  sound.o(i.Sound_Select)
    i.Sound_Stop                             0x00006564   Section        0  sound.o(i.Sound_Stop)
    i.Sound_Win                              0x00006584   Section        0  sound.o(i.Sound_Win)
    i.SysTick_Handler                        0x000065a8   Section        0  sound.o(i.SysTick_Handler)
    i.TestLuck                               0x00006624   Section        0  roulette.o(i.TestLuck)
    i.Timer0A_Handler                        0x0000698c   Section        0  timer0.o(i.Timer0A_Handler)
    i.Timer0_Init                            0x000069a4   Section        0  timer0.o(i.Timer0_Init)
    i.Timer1A_Handler                        0x00006a04   Section        0  timer1.o(i.Timer1A_Handler)
    i.Timer1_Init                            0x00006a1c   Section        0  timer1.o(i.Timer1_Init)
    i.commandList                            0x00006a7c   Section        0  st7735.o(i.commandList)
    commandList                              0x00006a7d   Thumb Code    86  st7735.o(i.commandList)
    i.commonInit                             0x00006ad4   Section        0  st7735.o(i.commonInit)
    commonInit                               0x00006ad5   Thumb Code   340  st7735.o(i.commonInit)
    i.fillmessage                            0x00006c58   Section        0  st7735.o(i.fillmessage)
    i.main                                   0x00006ca0   Section        0  spaceinvaders.o(i.main)
    i.pushColor                              0x000075c4   Section        0  st7735.o(i.pushColor)
    pushColor                                0x000075c5   Thumb Code    18  st7735.o(i.pushColor)
    i.setAddrWindow                          0x000075d8   Section        0  st7735.o(i.setAddrWindow)
    setAddrWindow                            0x000075d9   Thumb Code   106  st7735.o(i.setAddrWindow)
    .constdata                               0x0000764c   Section    79671  sound.o(.constdata)
    .constdata                               0x0001ad84   Section    132064  spaceinvaders.o(.constdata)
    .constdata                               0x0003b164   Section     2018  st7735.o(.constdata)
    Font                                     0x0003b164   Data        1275  st7735.o(.constdata)
    Bcmd                                     0x0003b65f   Data         103  st7735.o(.constdata)
    Rcmd1                                    0x0003b6c6   Data          59  st7735.o(.constdata)
    Rcmd2green                               0x0003b701   Data          13  st7735.o(.constdata)
    Rcmd2red                                 0x0003b70e   Data          13  st7735.o(.constdata)
    Rcmd3                                    0x0003b71b   Data          43  st7735.o(.constdata)
    .constdata                               0x0003b948   Section     2526  movement.o(.constdata)
    .constdata                               0x0003c326   Section     1768  roulette.o(.constdata)
    .constdata                               0x0003ca0e   Section    11218  charselect.o(.constdata)
    .constdata                               0x0003f5e0   Section      240  texas.o(.constdata)
    .data                                    0x20000000   Section        4  timer0.o(.data)
    .data                                    0x20000004   Section        4  timer1.o(.data)
    .data                                    0x20000008   Section       20  sound.o(.data)
    .data                                    0x2000001c   Section      272  spaceinvaders.o(.data)
    .data                                    0x2000012c   Section       44  st7735.o(.data)
    _width                                   0x20000136   Data           2  st7735.o(.data)
    _height                                  0x20000138   Data           2  st7735.o(.data)
    ColStart                                 0x20000140   Data           1  st7735.o(.data)
    RowStart                                 0x20000141   Data           1  st7735.o(.data)
    Rotation                                 0x20000142   Data           1  st7735.o(.data)
    TabColor                                 0x20000143   Data           1  st7735.o(.data)
    .data                                    0x20000158   Section       36  movement.o(.data)
    .data                                    0x2000017c   Section        7  player.o(.data)
    .data                                    0x20000184   Section       72  collision.o(.data)
    .data                                    0x200001cc   Section       18  enemy.o(.data)
    .data                                    0x200001de   Section        4  hpbar.o(.data)
    .data                                    0x200001e4   Section        4  charselect.o(.data)
    .data                                    0x200001e8   Section       48  texas.o(.data)
    DATA                                     0x20000218   Section        4  random.o(DATA)
    M                                        0x20000218   Data           4  random.o(DATA)
    .bss                                     0x2000021c   Section       12  st7735.o(.bss)
    .bss                                     0x20000228   Section       56  texas.o(.bss)
    .bss                                     0x20000260   Section       96  libspace.o(.bss)
    HEAP                                     0x200002c0   Section        0  startup.o(HEAP)
    STACK                                    0x200002c0   Section     1024  startup.o(STACK)
    HeapMem                                  0x200002c0   Data           0  startup.o(HEAP)
    StackMem                                 0x200002c0   Data           0  startup.o(STACK)

    Global Symbols

    Symbol Name                              Value     Ov Type        Size  Object(Section)

    BuildAttributes$$THM_ISAv4$E$P$D$K$B$S$7EM$PE$A:L22UL41UL21$X:L11$S22US41US21$IEEE1$IW$USESV6$~STKCKD$USESV7$~SHL$OSPACE$ROPI$EBA8$UX$STANDARDLIB$REQ8$PRES8$EABIv2 0x00000000   Number         0  anon$$obj.o ABSOLUTE
    __ARM_use_no_argv                        0x00000000   Number         0  spaceinvaders.o ABSOLUTE
    __Vectors                                0x00000000   Data           0  startup.o(RESET)
    __ARM_exceptions_init                     - Undefined Weak Reference
    __alloca_initialize                       - Undefined Weak Reference
    __cpp_initialize__aeabi_                  - Undefined Weak Reference
    __cxa_finalize                            - Undefined Weak Reference
    __rt_locale                               - Undefined Weak Reference
    __sigvec_lookup                           - Undefined Weak Reference
    _atexit_init                              - Undefined Weak Reference
    _call_atexit_fns                          - Undefined Weak Reference
    _clock_init                               - Undefined Weak Reference
    _fp_trap_init                             - Undefined Weak Reference
    _fp_trap_shutdown                         - Undefined Weak Reference
    _get_lc_collate                           - Undefined Weak Reference
    _get_lc_ctype                             - Undefined Weak Reference
    _get_lc_monetary                          - Undefined Weak Reference
    _get_lc_numeric                           - Undefined Weak Reference
    _get_lc_time                              - Undefined Weak Reference
    _getenv_init                              - Undefined Weak Reference
    _handle_redirection                       - Undefined Weak Reference
    _init_alloc                               - Undefined Weak Reference
    _init_user_alloc                          - Undefined Weak Reference
    _initio                                   - Undefined Weak Reference
    _rand_init                                - Undefined Weak Reference
    _signal_finish                            - Undefined Weak Reference
    _signal_init                              - Undefined Weak Reference
    _terminate_alloc                          - Undefined Weak Reference
    _terminate_user_alloc                     - Undefined Weak Reference
    _terminateio                              - Undefined Weak Reference
    Reset_Handler                            0x0000026d   Thumb Code     0  startup.o(RESET)
    NMI_Handler                              0x00000271   Thumb Code     2  startup.o(RESET)
    HardFault_Handler                        0x00000273   Thumb Code     2  startup.o(RESET)
    MemManage_Handler                        0x00000275   Thumb Code     2  startup.o(RESET)
    BusFault_Handler                         0x00000277   Thumb Code     2  startup.o(RESET)
    UsageFault_Handler                       0x00000279   Thumb Code     2  startup.o(RESET)
    SVC_Handler                              0x0000027b   Thumb Code     2  startup.o(RESET)
    DebugMon_Handler                         0x0000027d   Thumb Code     2  startup.o(RESET)
    PendSV_Handler                           0x0000027f   Thumb Code     2  startup.o(RESET)
    ADC0Seq0_Handler                         0x00000283   Thumb Code     0  startup.o(RESET)
    ADC0Seq1_Handler                         0x00000283   Thumb Code     0  startup.o(RESET)
    ADC0Seq2_Handler                         0x00000283   Thumb Code     0  startup.o(RESET)
    ADC0Seq3_Handler                         0x00000283   Thumb Code     0  startup.o(RESET)
    ADC1Seq0_Handler                         0x00000283   Thumb Code     0  startup.o(RESET)
    ADC1Seq1_Handler                         0x00000283   Thumb Code     0  startup.o(RESET)
    ADC1Seq2_Handler                         0x00000283   Thumb Code     0  startup.o(RESET)
    ADC1Seq3_Handler                         0x00000283   Thumb Code     0  startup.o(RESET)
    CAN0_Handler                             0x00000283   Thumb Code     0  startup.o(RESET)
    CAN1_Handler                             0x00000283   Thumb Code     0  startup.o(RESET)
    CAN2_Handler                             0x00000283   Thumb Code     0  startup.o(RESET)
    Comp0_Handler                            0x00000283   Thumb Code     0  startup.o(RESET)
    Comp1_Handler                            0x00000283   Thumb Code     0  startup.o(RESET)
    Comp2_Handler                            0x00000283   Thumb Code     0  startup.o(RESET)
    Ethernet_Handler                         0x00000283   Thumb Code     0  startup.o(RESET)
    ExtBus_Handler                           0x00000283   Thumb Code     0  startup.o(RESET)
    FPU_Handler                              0x00000283   Thumb Code     0  startup.o(RESET)
    Fan0_Handler                             0x00000283   Thumb Code     0  startup.o(RESET)
    FlashCtl_Handler                         0x00000283   Thumb Code     0  startup.o(RESET)
    GPIOPortA_Handler                        0x00000283   Thumb Code     0  startup.o(RESET)
    GPIOPortB_Handler                        0x00000283   Thumb Code     0  startup.o(RESET)
    GPIOPortC_Handler                        0x00000283   Thumb Code     0  startup.o(RESET)
    GPIOPortD_Handler                        0x00000283   Thumb Code     0  startup.o(RESET)
    GPIOPortE_Handler                        0x00000283   Thumb Code     0  startup.o(RESET)
    GPIOPortF_Handler                        0x00000283   Thumb Code     0  startup.o(RESET)
    GPIOPortG_Handler                        0x00000283   Thumb Code     0  startup.o(RESET)
    GPIOPortH_Handler                        0x00000283   Thumb Code     0  startup.o(RESET)
    GPIOPortJ_Handler                        0x00000283   Thumb Code     0  startup.o(RESET)
    GPIOPortK_Handler                        0x00000283   Thumb Code     0  startup.o(RESET)
    GPIOPortL_Handler                        0x00000283   Thumb Code     0  startup.o(RESET)
    GPIOPortM_Handler                        0x00000283   Thumb Code     0  startup.o(RESET)
    GPIOPortN_Handler                        0x00000283   Thumb Code     0  startup.o(RESET)
    GPIOPortP1_Handler                       0x00000283   Thumb Code     0  startup.o(RESET)
    GPIOPortP2_Handler                       0x00000283   Thumb Code     0  startup.o(RESET)
    GPIOPortP3_Handler                       0x00000283   Thumb Code     0  startup.o(RESET)
    GPIOPortP4_Handler                       0x00000283   Thumb Code     0  startup.o(RESET)
    GPIOPortP5_Handler                       0x00000283   Thumb Code     0  startup.o(RESET)
    GPIOPortP6_Handler                       0x00000283   Thumb Code     0  startup.o(RESET)
    GPIOPortP7_Handler                       0x00000283   Thumb Code     0  startup.o(RESET)
    GPIOPortP_Handler                        0x00000283   Thumb Code     0  startup.o(RESET)
    GPIOPortQ1_Handler                       0x00000283   Thumb Code     0  startup.o(RESET)
    GPIOPortQ2_Handler                       0x00000283   Thumb Code     0  startup.o(RESET)
    GPIOPortQ3_Handler                       0x00000283   Thumb Code     0  startup.o(RESET)
    GPIOPortQ4_Handler                       0x00000283   Thumb Code     0  startup.o(RESET)
    GPIOPortQ5_Handler                       0x00000283   Thumb Code     0  startup.o(RESET)
    GPIOPortQ6_Handler                       0x00000283   Thumb Code     0  startup.o(RESET)
    GPIOPortQ7_Handler                       0x00000283   Thumb Code     0  startup.o(RESET)
    GPIOPortQ_Handler                        0x00000283   Thumb Code     0  startup.o(RESET)
    GPIOPortR_Handler                        0x00000283   Thumb Code     0  startup.o(RESET)
    GPIOPortS_Handler                        0x00000283   Thumb Code     0  startup.o(RESET)
    Hibernate_Handler                        0x00000283   Thumb Code     0  startup.o(RESET)
    I2C0_Handler                             0x00000283   Thumb Code     0  startup.o(RESET)
    I2C1_Handler                             0x00000283   Thumb Code     0  startup.o(RESET)
    I2C2_Handler                             0x00000283   Thumb Code     0  startup.o(RESET)
    I2C3_Handler                             0x00000283   Thumb Code     0  startup.o(RESET)
    I2C4_Handler                             0x00000283   Thumb Code     0  startup.o(RESET)
    I2C5_Handler                             0x00000283   Thumb Code     0  startup.o(RESET)
    I2S0_Handler                             0x00000283   Thumb Code     0  startup.o(RESET)
    LPC0_Handler                             0x00000283   Thumb Code     0  startup.o(RESET)
    PECI0_Handler                            0x00000283   Thumb Code     0  startup.o(RESET)
    PWM0Fault_Handler                        0x00000283   Thumb Code     0  startup.o(RESET)
    PWM0Generator0_Handler                   0x00000283   Thumb Code     0  startup.o(RESET)
    PWM0Generator1_Handler                   0x00000283   Thumb Code     0  startup.o(RESET)
    PWM0Generator2_Handler                   0x00000283   Thumb Code     0  startup.o(RESET)
    PWM0Generator3_Handler                   0x00000283   Thumb Code     0  startup.o(RESET)
    PWM1Fault_Handler                        0x00000283   Thumb Code     0  startup.o(RESET)
    PWM1Generator0_Handler                   0x00000283   Thumb Code     0  startup.o(RESET)
    PWM1Generator1_Handler                   0x00000283   Thumb Code     0  startup.o(RESET)
    PWM1Generator2_Handler                   0x00000283   Thumb Code     0  startup.o(RESET)
    PWM1Generator3_Handler                   0x00000283   Thumb Code     0  startup.o(RESET)
    Quadrature0_Handler                      0x00000283   Thumb Code     0  startup.o(RESET)
    Quadrature1_Handler                      0x00000283   Thumb Code     0  startup.o(RESET)
    Quadrature2_Handler                      0x00000283   Thumb Code     0  startup.o(RESET)
    SSI0_Handler                             0x00000283   Thumb Code     0  startup.o(RESET)
    SSI1_Handler                             0x00000283   Thumb Code     0  startup.o(RESET)
    SSI2_Handler                             0x00000283   Thumb Code     0  startup.o(RESET)
    SSI3_Handler                             0x00000283   Thumb Code     0  startup.o(RESET)
    SysCtl_Handler                           0x00000283   Thumb Code     0  startup.o(RESET)
    Timer0B_Handler                          0x00000283   Thumb Code     0  startup.o(RESET)
    Timer1B_Handler                          0x00000283   Thumb Code     0  startup.o(RESET)
    Timer2A_Handler                          0x00000283   Thumb Code     0  startup.o(RESET)
    Timer2B_Handler                          0x00000283   Thumb Code     0  startup.o(RESET)
    Timer3A_Handler                          0x00000283   Thumb Code     0  startup.o(RESET)
    Timer3B_Handler                          0x00000283   Thumb Code     0  startup.o(RESET)
    Timer4B_Handler                          0x00000283   Thumb Code     0  startup.o(RESET)
    Timer5B_Handler                          0x00000283   Thumb Code     0  startup.o(RESET)
    UART0_Handler                            0x00000283   Thumb Code     0  startup.o(RESET)
    UART1_Handler                            0x00000283   Thumb Code     0  startup.o(RESET)
    UART2_Handler                            0x00000283   Thumb Code     0  startup.o(RESET)
    UART3_Handler                            0x00000283   Thumb Code     0  startup.o(RESET)
    UART4_Handler                            0x00000283   Thumb Code     0  startup.o(RESET)
    UART5_Handler                            0x00000283   Thumb Code     0  startup.o(RESET)
    UART6_Handler                            0x00000283   Thumb Code     0  startup.o(RESET)
    UART7_Handler                            0x00000283   Thumb Code     0  startup.o(RESET)
    USB0_Handler                             0x00000283   Thumb Code     0  startup.o(RESET)
    WDT_Handler                              0x00000283   Thumb Code     0  startup.o(RESET)
    WideTimer0A_Handler                      0x00000283   Thumb Code     0  startup.o(RESET)
    WideTimer0B_Handler                      0x00000283   Thumb Code     0  startup.o(RESET)
    WideTimer1A_Handler                      0x00000283   Thumb Code     0  startup.o(RESET)
    WideTimer1B_Handler                      0x00000283   Thumb Code     0  startup.o(RESET)
    WideTimer2A_Handler                      0x00000283   Thumb Code     0  startup.o(RESET)
    WideTimer2B_Handler                      0x00000283   Thumb Code     0  startup.o(RESET)
    WideTimer3A_Handler                      0x00000283   Thumb Code     0  startup.o(RESET)
    WideTimer3B_Handler                      0x00000283   Thumb Code     0  startup.o(RESET)
    WideTimer4A_Handler                      0x00000283   Thumb Code     0  startup.o(RESET)
    WideTimer4B_Handler                      0x00000283   Thumb Code     0  startup.o(RESET)
    WideTimer5A_Handler                      0x00000283   Thumb Code     0  startup.o(RESET)
    WideTimer5B_Handler                      0x00000283   Thumb Code     0  startup.o(RESET)
    uDMA_Error                               0x00000283   Thumb Code     0  startup.o(RESET)
    uDMA_Handler                             0x00000283   Thumb Code     0  startup.o(RESET)
    __main                                   0x00000285   Thumb Code     8  __main.o(!!!main)
    __scatterload                            0x0000028d   Thumb Code     0  __scatter.o(!!!scatter)
    __scatterload_rt2                        0x0000028d   Thumb Code    44  __scatter.o(!!!scatter)
    __scatterload_rt2_thumb_only             0x0000028d   Thumb Code     0  __scatter.o(!!!scatter)
    __scatterload_null                       0x0000029b   Thumb Code     0  __scatter.o(!!!scatter)
    __decompress                             0x000002c1   Thumb Code    90  __dczerorl2.o(!!dczerorl2)
    __decompress1                            0x000002c1   Thumb Code     0  __dczerorl2.o(!!dczerorl2)
    __scatterload_zeroinit                   0x0000031d   Thumb Code    28  __scatter_zi.o(!!handler_zi)
    __rt_lib_init                            0x00000339   Thumb Code     0  libinit.o(.ARM.Collect$$libinit$$00000000)
    __rt_lib_init_alloca_1                   0x0000033b   Thumb Code     0  libinit2.o(.ARM.Collect$$libinit$$0000002C)
    __rt_lib_init_argv_1                     0x0000033b   Thumb Code     0  libinit2.o(.ARM.Collect$$libinit$$0000002A)
    __rt_lib_init_atexit_1                   0x0000033b   Thumb Code     0  libinit2.o(.ARM.Collect$$libinit$$00000019)
    __rt_lib_init_clock_1                    0x0000033b   Thumb Code     0  libinit2.o(.ARM.Collect$$libinit$$0000001F)
    __rt_lib_init_cpp_1                      0x0000033b   Thumb Code     0  libinit2.o(.ARM.Collect$$libinit$$00000030)
    __rt_lib_init_exceptions_1               0x0000033b   Thumb Code     0  libinit2.o(.ARM.Collect$$libinit$$0000002E)
    __rt_lib_init_fp_1                       0x0000033b   Thumb Code     0  libinit2.o(.ARM.Collect$$libinit$$00000002)
    __rt_lib_init_fp_trap_1                  0x0000033b   Thumb Code     0  libinit2.o(.ARM.Collect$$libinit$$0000001D)
    __rt_lib_init_getenv_1                   0x0000033b   Thumb Code     0  libinit2.o(.ARM.Collect$$libinit$$00000021)
    __rt_lib_init_heap_1                     0x0000033b   Thumb Code     0  libinit2.o(.ARM.Collect$$libinit$$00000008)
    __rt_lib_init_lc_collate_1               0x0000033b   Thumb Code     0  libinit2.o(.ARM.Collect$$libinit$$0000000F)
    __rt_lib_init_lc_ctype_1                 0x0000033b   Thumb Code     0  libinit2.o(.ARM.Collect$$libinit$$00000011)
    __rt_lib_init_lc_monetary_1              0x0000033b   Thumb Code     0  libinit2.o(.ARM.Collect$$libinit$$00000013)
    __rt_lib_init_lc_numeric_1               0x0000033b   Thumb Code     0  libinit2.o(.ARM.Collect$$libinit$$00000015)
    __rt_lib_init_lc_time_1                  0x0000033b   Thumb Code     0  libinit2.o(.ARM.Collect$$libinit$$00000017)
    __rt_lib_init_rand_1                     0x0000033b   Thumb Code     0  libinit2.o(.ARM.Collect$$libinit$$0000000C)
    __rt_lib_init_return                     0x0000033b   Thumb Code     0  libinit2.o(.ARM.Collect$$libinit$$00000031)
    __rt_lib_init_signal_1                   0x0000033b   Thumb Code     0  libinit2.o(.ARM.Collect$$libinit$$0000001B)
    __rt_lib_init_stdio_1                    0x0000033b   Thumb Code     0  libinit2.o(.ARM.Collect$$libinit$$00000023)
    __rt_lib_init_user_alloc_1               0x0000033b   Thumb Code     0  libinit2.o(.ARM.Collect$$libinit$$0000000A)
    __rt_lib_shutdown                        0x0000033d   Thumb Code     0  libshutdown.o(.ARM.Collect$$libshutdown$$00000000)
    __rt_lib_shutdown_fp_trap_1              0x0000033f   Thumb Code     0  libshutdown2.o(.ARM.Collect$$libshutdown$$00000006)
    __rt_lib_shutdown_heap_1                 0x0000033f   Thumb Code     0  libshutdown2.o(.ARM.Collect$$libshutdown$$0000000E)
    __rt_lib_shutdown_return                 0x0000033f   Thumb Code     0  libshutdown2.o(.ARM.Collect$$libshutdown$$0000000F)
    __rt_lib_shutdown_signal_1               0x0000033f   Thumb Code     0  libshutdown2.o(.ARM.Collect$$libshutdown$$00000009)
    __rt_lib_shutdown_stdio_1                0x0000033f   Thumb Code     0  libshutdown2.o(.ARM.Collect$$libshutdown$$00000003)
    __rt_lib_shutdown_user_alloc_1           0x0000033f   Thumb Code     0  libshutdown2.o(.ARM.Collect$$libshutdown$$0000000B)
    __rt_entry                               0x00000341   Thumb Code     0  rtentry.o(.ARM.Collect$$rtentry$$00000000)
    __rt_entry_presh_1                       0x00000341   Thumb Code     0  rtentry2.o(.ARM.Collect$$rtentry$$00000002)
    __rt_entry_sh                            0x00000341   Thumb Code     0  rtentry4.o(.ARM.Collect$$rtentry$$00000004)
    __rt_entry_li                            0x00000347   Thumb Code     0  rtentry2.o(.ARM.Collect$$rtentry$$0000000A)
    __rt_entry_postsh_1                      0x00000347   Thumb Code     0  rtentry2.o(.ARM.Collect$$rtentry$$00000009)
    __rt_entry_main                          0x0000034b   Thumb Code     0  rtentry2.o(.ARM.Collect$$rtentry$$0000000D)
    __rt_entry_postli_1                      0x0000034b   Thumb Code     0  rtentry2.o(.ARM.Collect$$rtentry$$0000000C)
    __rt_exit                                0x00000353   Thumb Code     0  rtexit.o(.ARM.Collect$$rtexit$$00000000)
    __rt_exit_ls                             0x00000355   Thumb Code     0  rtexit2.o(.ARM.Collect$$rtexit$$00000003)
    __rt_exit_prels_1                        0x00000355   Thumb Code     0  rtexit2.o(.ARM.Collect$$rtexit$$00000002)
    __rt_exit_exit                           0x00000359   Thumb Code     0  rtexit2.o(.ARM.Collect$$rtexit$$00000004)
    DisableInterrupts                        0x00000361   Thumb Code     0  startup.o(.text)
    EnableInterrupts                         0x00000365   Thumb Code     0  startup.o(.text)
    StartCritical                            0x00000369   Thumb Code     0  startup.o(.text)
    EndCritical                              0x00000371   Thumb Code     0  startup.o(.text)
    WaitForInterrupt                         0x00000377   Thumb Code     0  startup.o(.text)
    __user_initial_stackheap                 0x0000037b   Thumb Code     0  startup.o(.text)
    Random_Init                              0x00000391   Thumb Code     0  random.o(.text)
    Random32                                 0x00000397   Thumb Code     2  random.o(.text)
    Random                                   0x000003a9   Thumb Code     2  random.o(.text)
    writecommand                             0x000003cd   Thumb Code     0  lcd.o(.text)
    writedata                                0x000003ef   Thumb Code     0  lcd.o(.text)
    ADC1_Init                                0x00000415   Thumb Code   170  texas.o(.text)
    SetCode                                  0x000004bf   Thumb Code    20  texas.o(.text)
    UART0_Init                               0x000004d3   Thumb Code   162  texas.o(.text)
    SetCourse                                0x00000575   Thumb Code    22  texas.o(.text)
    PLL_Init                                 0x0000058b   Thumb Code   118  texas.o(.text)
    TExaS_Init                               0x00000601   Thumb Code   282  texas.o(.text)
    StopTimer4                               0x0000071b   Thumb Code    16  texas.o(.text)
    StartTimer4                              0x0000072b   Thumb Code    24  texas.o(.text)
    Timer4A_Handler                          0x00000743   Thumb Code    20  texas.o(.text)
    ADC1_In                                  0x00000757   Thumb Code     6  texas.o(.text)
    Timer5A_Handler                          0x0000075d   Thumb Code    34  texas.o(.text)
    TExaS_Stop                               0x0000077f   Thumb Code    18  texas.o(.text)
    copy                                     0x00000791   Thumb Code    16  texas.o(.text)
    SetMode                                  0x000007a1   Thumb Code    22  texas.o(.text)
    UART0_InChar                             0x000007b7   Thumb Code    20  texas.o(.text)
    UART0_InCharNonBlocking                  0x000007cb   Thumb Code    22  texas.o(.text)
    UART0_OutChar                            0x000007e1   Thumb Code   200  texas.o(.text)
    UART0_OutCharNonBlock                    0x000008a9   Thumb Code     6  texas.o(.text)
    __aeabi_memcpy4                          0x000008b5   Thumb Code     0  rt_memcpy_w.o(.text)
    __aeabi_memcpy8                          0x000008b5   Thumb Code     0  rt_memcpy_w.o(.text)
    __rt_memcpy_w                            0x000008b5   Thumb Code   100  rt_memcpy_w.o(.text)
    _memcpy_lastbytes_aligned                0x000008fd   Thumb Code     0  rt_memcpy_w.o(.text)
    __use_two_region_memory                  0x00000919   Thumb Code     2  heapauxi.o(.text)
    __rt_heap_escrow$2region                 0x0000091b   Thumb Code     2  heapauxi.o(.text)
    __rt_heap_expand$2region                 0x0000091d   Thumb Code     2  heapauxi.o(.text)
    __user_setup_stackheap                   0x0000091f   Thumb Code    74  sys_stackheap_outer.o(.text)
    exit                                     0x00000969   Thumb Code    12  exit.o(.text)
    __user_libspace                          0x00000975   Thumb Code     8  libspace.o(.text)
    __user_perproc_libspace                  0x00000975   Thumb Code     0  libspace.o(.text)
    __user_perthread_libspace                0x00000975   Thumb Code     0  libspace.o(.text)
    _sys_exit                                0x0000097d   Thumb Code     8  sys_exit.o(.text)
    __I$use$semihosting                      0x00000989   Thumb Code     0  use_no_semi.o(.text)
    __use_no_semihosting_swi                 0x00000989   Thumb Code     2  use_no_semi.o(.text)
    __semihosting_library_function           0x0000098b   Thumb Code     0  indicate_semi.o(.text)
    ADC_In                                   0x0000098d   Thumb Code    36  adc.o(i.ADC_In)
    ADC_Init                                 0x000009b9   Thumb Code   202  adc.o(i.ADC_Init)
    Atk1                                     0x00000aa1   Thumb Code   928  movement.o(i.Atk1)
    Atk2                                     0x00000e61   Thumb Code  1554  movement.o(i.Atk2)
    CharSelect                               0x0000148d   Thumb Code   228  charselect.o(i.CharSelect)
    DAC_Init                                 0x000015c1   Thumb Code    84  dac.o(i.DAC_Init)
    DAC_Out                                  0x00001621   Thumb Code     6  dac.o(i.DAC_Out)
    Dead                                     0x0000162d   Thumb Code    74  movement.o(i.Dead)
    Delay100ms                               0x0000167d   Thumb Code    30  spaceinvaders.o(i.Delay100ms)
    Delay10ms                                0x000016a1   Thumb Code    30  movement.o(i.Delay10ms)
    Delay1ms                                 0x000016c5   Thumb Code    32  st7735.o(i.Delay1ms)
    DetectCollision                          0x000016e5   Thumb Code  2584  collision.o(i.DetectCollision)
    DisplayResults                           0x0000210d   Thumb Code   866  resultsscreen.o(i.DisplayResults)
    DoNothing                                0x000024a9   Thumb Code     2  spaceinvaders.o(i.DoNothing)
    DrawHP                                   0x000024ad   Thumb Code   772  hpbar.o(i.DrawHP)
    Enemy_Update                             0x000027d1   Thumb Code  8732  enemy.o(i.Enemy_Update)
    Jump                                     0x00004a05   Thumb Code   362  movement.o(i.Jump)
    MoveL                                    0x00004b91   Thumb Code   204  movement.o(i.MoveL)
    MoveR                                    0x00004c71   Thumb Code   204  movement.o(i.MoveR)
    Output_Init                              0x00004d51   Thumb Code    16  st7735.o(i.Output_Init)
    Player_Update                            0x00004d61   Thumb Code  3496  player.o(i.Player_Update)
    PortE_Init                               0x00005b21   Thumb Code    84  timer0.o(i.PortE_Init)
    ST7735_Color565                          0x00005b81   Thumb Code    24  st7735.o(i.ST7735_Color565)
    ST7735_DrawBitmap                        0x00005b99   Thumb Code   280  st7735.o(i.ST7735_DrawBitmap)
    ST7735_DrawChar                          0x00005cb9   Thumb Code   256  st7735.o(i.ST7735_DrawChar)
    ST7735_DrawCharS                         0x00005dc5   Thumb Code   232  st7735.o(i.ST7735_DrawCharS)
    ST7735_DrawFastHLine                     0x00005eb9   Thumb Code   116  st7735.o(i.ST7735_DrawFastHLine)
    ST7735_DrawFastVLine                     0x00005f35   Thumb Code   116  st7735.o(i.ST7735_DrawFastVLine)
    ST7735_DrawPixel                         0x00005fb1   Thumb Code    64  st7735.o(i.ST7735_DrawPixel)
    ST7735_DrawString                        0x00005ff9   Thumb Code    86  st7735.o(i.ST7735_DrawString)
    ST7735_FillRect                          0x00006051   Thumb Code   164  st7735.o(i.ST7735_FillRect)
    ST7735_FillScreen                        0x000060fd   Thumb Code    28  st7735.o(i.ST7735_FillScreen)
    ST7735_InitR                             0x00006121   Thumb Code    90  st7735.o(i.ST7735_InitR)
    ST7735_OutChar                           0x0000619d   Thumb Code   176  st7735.o(i.ST7735_OutChar)
    ST7735_OutString                         0x00006271   Thumb Code    24  st7735.o(i.ST7735_OutString)
    ST7735_OutUDec                           0x00006289   Thumb Code   118  st7735.o(i.ST7735_OutUDec)
    ST7735_SetCursor                         0x00006315   Thumb Code    22  st7735.o(i.ST7735_SetCursor)
    ST7735_SetRotation                       0x00006335   Thumb Code   196  st7735.o(i.ST7735_SetRotation)
    Sound_Battle1                            0x00006409   Thumb Code    26  sound.o(i.Sound_Battle1)
    Sound_Init                               0x00006431   Thumb Code   138  sound.o(i.Sound_Init)
    Sound_Lose                               0x000064d1   Thumb Code    24  sound.o(i.Sound_Lose)
    Sound_Obtain                             0x000064f5   Thumb Code    24  sound.o(i.Sound_Obtain)
    Sound_Play                               0x00006519   Thumb Code    10  sound.o(i.Sound_Play)
    Sound_Resume                             0x0000652d   Thumb Code    10  sound.o(i.Sound_Resume)
    Sound_Select                             0x00006541   Thumb Code    24  sound.o(i.Sound_Select)
    Sound_Stop                               0x00006565   Thumb Code    20  sound.o(i.Sound_Stop)
    Sound_Win                                0x00006585   Thumb Code    24  sound.o(i.Sound_Win)
    SysTick_Handler                          0x000065a9   Thumb Code    98  sound.o(i.SysTick_Handler)
    TestLuck                                 0x00006625   Thumb Code   784  roulette.o(i.TestLuck)
    Timer0A_Handler                          0x0000698d   Thumb Code    16  timer0.o(i.Timer0A_Handler)
    Timer0_Init                              0x000069a5   Thumb Code    76  timer0.o(i.Timer0_Init)
    Timer1A_Handler                          0x00006a05   Thumb Code    16  timer1.o(i.Timer1A_Handler)
    Timer1_Init                              0x00006a1d   Thumb Code    76  timer1.o(i.Timer1_Init)
    fillmessage                              0x00006c59   Thumb Code    64  st7735.o(i.fillmessage)
    main                                     0x00006ca1   Thumb Code  2320  spaceinvaders.o(i.main)
    nothing                                  0x0000764c   Data           1  sound.o(.constdata)
    select                                   0x0000764d   Data        2433  sound.o(.constdata)
    win                                      0x00007fce   Data       17693  sound.o(.constdata)
    obtain                                   0x0000c4eb   Data        4250  sound.o(.constdata)
    lose                                     0x0000d585   Data       13241  sound.o(.constdata)
    road1                                    0x0001093e   Data       42053  sound.o(.constdata)
    run1a                                    0x0001ad84   Data        1904  spaceinvaders.o(.constdata)
    run2                                     0x0001b4f4   Data        1904  spaceinvaders.o(.constdata)
    run3a                                    0x0001bc64   Data        1904  spaceinvaders.o(.constdata)
    stand1x                                  0x0001c3d4   Data        2108  spaceinvaders.o(.constdata)
    jump1                                    0x0001cc10   Data        2450  spaceinvaders.o(.constdata)
    lrun1                                    0x0001d5a2   Data        1904  spaceinvaders.o(.constdata)
    lrun2                                    0x0001dd12   Data        1904  spaceinvaders.o(.constdata)
    lrun3                                    0x0001e482   Data        1904  spaceinvaders.o(.constdata)
    lstand1                                  0x0001ebf2   Data        2108  spaceinvaders.o(.constdata)
    sky                                      0x0001f42e   Data        8960  spaceinvaders.o(.constdata)
    ground                                   0x0002172e   Data        7360  spaceinvaders.o(.constdata)
    ljump1                                   0x000233ee   Data        2450  spaceinvaders.o(.constdata)
    bash1                                    0x00023d80   Data        2214  spaceinvaders.o(.constdata)
    bash2                                    0x00024626   Data        2070  spaceinvaders.o(.constdata)
    bash3                                    0x00024e3c   Data        2668  spaceinvaders.o(.constdata)
    lbash1                                   0x000258a8   Data        2214  spaceinvaders.o(.constdata)
    lbash2                                   0x0002614e   Data        2070  spaceinvaders.o(.constdata)
    lbash3                                   0x00026964   Data        2668  spaceinvaders.o(.constdata)
    thunder0                                 0x000273d0   Data           2  spaceinvaders.o(.constdata)
    thunder1                                 0x000273d2   Data         600  spaceinvaders.o(.constdata)
    thunder2                                 0x0002762a   Data         972  spaceinvaders.o(.constdata)
    pthunder1                                0x000279f6   Data        2244  spaceinvaders.o(.constdata)
    pthunder2                                0x000282ba   Data        2244  spaceinvaders.o(.constdata)
    lthunder1                                0x00028b7e   Data         600  spaceinvaders.o(.constdata)
    lthunder2                                0x00028dd6   Data         972  spaceinvaders.o(.constdata)
    lpthunder1                               0x000291a2   Data        2244  spaceinvaders.o(.constdata)
    lpthunder2                               0x00029a66   Data        2244  spaceinvaders.o(.constdata)
    dead                                     0x0002a32a   Data        2108  spaceinvaders.o(.constdata)
    standing2                                0x0002ab66   Data        4116  spaceinvaders.o(.constdata)
    run3                                     0x0002bb7a   Data        4116  spaceinvaders.o(.constdata)
    punch2                                   0x0002cb8e   Data        4116  spaceinvaders.o(.constdata)
    punch3                                   0x0002dba2   Data        4116  spaceinvaders.o(.constdata)
    aura1                                    0x0002ebb6   Data        4116  spaceinvaders.o(.constdata)
    aura2                                    0x0002fbca   Data        4116  spaceinvaders.o(.constdata)
    aura3                                    0x00030bde   Data        4116  spaceinvaders.o(.constdata)
    sphere                                   0x00031bf2   Data         722  spaceinvaders.o(.constdata)
    jump2                                    0x00031ec4   Data        4116  spaceinvaders.o(.constdata)
    laura1                                   0x00032ed8   Data        4116  spaceinvaders.o(.constdata)
    laura2                                   0x00033eec   Data        4116  spaceinvaders.o(.constdata)
    laura3                                   0x00034f00   Data        4116  spaceinvaders.o(.constdata)
    lpunch2                                  0x00035f14   Data        4116  spaceinvaders.o(.constdata)
    lpunch3                                  0x00036f28   Data        4116  spaceinvaders.o(.constdata)
    lrunx                                    0x00037f3c   Data        4116  spaceinvaders.o(.constdata)
    lstanding2                               0x00038f50   Data        4116  spaceinvaders.o(.constdata)
    pokeball                                 0x00039f64   Data        4608  spaceinvaders.o(.constdata)
    dBfs                                     0x0003b746   Data         512  st7735.o(.constdata)
    pmovR                                    0x0003b948   Data          48  movement.o(.constdata)
    pmovL                                    0x0003b978   Data          48  movement.o(.constdata)
    lmovR                                    0x0003b9a8   Data          64  movement.o(.constdata)
    lmovL                                    0x0003b9e8   Data          64  movement.o(.constdata)
    patk1r                                   0x0003ba28   Data         180  movement.o(.constdata)
    patk1l                                   0x0003badc   Data         180  movement.o(.constdata)
    latk1r                                   0x0003bb90   Data         260  movement.o(.constdata)
    latk1l                                   0x0003bc94   Data         260  movement.o(.constdata)
    patk2r                                   0x0003bd98   Data         240  movement.o(.constdata)
    pprojr                                   0x0003be88   Data         120  movement.o(.constdata)
    patk2l                                   0x0003bf00   Data         240  movement.o(.constdata)
    pprojl                                   0x0003bff0   Data         120  movement.o(.constdata)
    latk2r                                   0x0003c068   Data         320  movement.o(.constdata)
    latk2l                                   0x0003c1a8   Data         320  movement.o(.constdata)
    lprojr                                   0x0003c2e8   Data          20  movement.o(.constdata)
    lprojl                                   0x0003c2fc   Data          20  movement.o(.constdata)
    jumpArr                                  0x0003c310   Data          22  movement.o(.constdata)
    entei                                    0x0003c326   Data         576  roulette.o(.constdata)
    raikou                                   0x0003c566   Data         544  roulette.o(.constdata)
    suicune                                  0x0003c786   Data         648  roulette.o(.constdata)
    pik1                                     0x0003ca0e   Data        2244  charselect.o(.constdata)
    pik2                                     0x0003d2d2   Data        2244  charselect.o(.constdata)
    luc1                                     0x0003db96   Data        3430  charselect.o(.constdata)
    luc2                                     0x0003e8fc   Data        3300  charselect.o(.constdata)
    InputPortMsg                             0x0003f5e0   Data          40  texas.o(.constdata)
    OutputPortMsg                            0x0003f608   Data          40  texas.o(.constdata)
    BlankMsg                                 0x0003f630   Data          40  texas.o(.constdata)
    InitializedMsg                           0x0003f658   Data          40  texas.o(.constdata)
    IntroMsg                                 0x0003f680   Data          40  texas.o(.constdata)
    DoneMsg                                  0x0003f6a8   Data          40  texas.o(.constdata)
    Region$$Table$$Base                      0x0003f6d0   Number         0  anon$$obj.o(Region$$Table)
    Region$$Table$$Limit                     0x0003f6f0   Number         0  anon$$obj.o(Region$$Table)
    PeriodicTask0                            0x20000000   Data           4  timer0.o(.data)
    PeriodicTask1                            0x20000004   Data           4  timer1.o(.data)
    Index                                    0x20000008   Data           4  sound.o(.data)
    ptr                                      0x2000000c   Data           4  sound.o(.data)
    counter                                  0x20000010   Data           4  sound.o(.data)
    loop                                     0x20000014   Data           1  sound.o(.data)
    indexBak                                 0x20000018   Data           4  sound.o(.data)
    Player                                   0x2000001c   Data         128  spaceinvaders.o(.data)
    Enemy                                    0x2000009c   Data         128  spaceinvaders.o(.data)
    disp1                                    0x2000011c   Data           1  spaceinvaders.o(.data)
    disp2                                    0x2000011d   Data           1  spaceinvaders.o(.data)
    numPlays                                 0x2000011e   Data           1  spaceinvaders.o(.data)
    p1wins                                   0x2000011f   Data           1  spaceinvaders.o(.data)
    p2wins                                   0x20000120   Data           1  spaceinvaders.o(.data)
    power                                    0x20000121   Data           1  spaceinvaders.o(.data)
    plusAtt                                  0x20000122   Data           1  spaceinvaders.o(.data)
    plusSpa                                  0x20000123   Data           1  spaceinvaders.o(.data)
    songreset                                0x20000124   Data           1  spaceinvaders.o(.data)
    col                                      0x20000125   Data           1  spaceinvaders.o(.data)
    screen                                   0x20000126   Data           1  spaceinvaders.o(.data)
    P1                                       0x20000127   Data           1  spaceinvaders.o(.data)
    P2                                       0x20000128   Data           1  spaceinvaders.o(.data)
    random2                                  0x2000012a   Data           2  spaceinvaders.o(.data)
    StX                                      0x2000012c   Data           4  st7735.o(.data)
    StY                                      0x20000130   Data           4  st7735.o(.data)
    StTextColor                              0x20000134   Data           2  st7735.o(.data)
    lastj                                    0x2000013c   Data           4  st7735.o(.data)
    Messageindex                             0x20000144   Data           4  st7735.o(.data)
    Ymax                                     0x20000148   Data           4  st7735.o(.data)
    Ymin                                     0x2000014c   Data           4  st7735.o(.data)
    X                                        0x20000150   Data           4  st7735.o(.data)
    Yrange                                   0x20000154   Data           4  st7735.o(.data)
    pCstateR                                 0x20000158   Data           1  movement.o(.data)
    lCstateR                                 0x20000159   Data           1  movement.o(.data)
    pCstateL                                 0x2000015a   Data           1  movement.o(.data)
    lCstateL                                 0x2000015b   Data           1  movement.o(.data)
    jumpCt                                   0x2000015c   Data           1  movement.o(.data)
    dir                                      0x2000015d   Data           1  movement.o(.data)
    pcsAtkr                                  0x2000015e   Data           1  movement.o(.data)
    pcsAtkl                                  0x2000015f   Data           1  movement.o(.data)
    lcsAtkr                                  0x20000160   Data           1  movement.o(.data)
    lcsAtkl                                  0x20000161   Data           1  movement.o(.data)
    pcspr                                    0x20000162   Data           1  movement.o(.data)
    pProjcsr                                 0x20000163   Data           1  movement.o(.data)
    pcspl                                    0x20000164   Data           1  movement.o(.data)
    pProjcsl                                 0x20000165   Data           1  movement.o(.data)
    lcspr                                    0x20000166   Data           1  movement.o(.data)
    lProjcsr                                 0x20000167   Data           1  movement.o(.data)
    lcspl                                    0x20000168   Data           1  movement.o(.data)
    lProjcsl                                 0x20000169   Data           1  movement.o(.data)
    x                                        0x2000016c   Data           4  movement.o(.data)
    y                                        0x20000170   Data           4  movement.o(.data)
    w                                        0x20000174   Data           4  movement.o(.data)
    h                                        0x20000178   Data           4  movement.o(.data)
    refl                                     0x2000017c   Data           1  player.o(.data)
    input                                    0x2000017d   Data           1  player.o(.data)
    CAct                                     0x2000017e   Data           2  player.o(.data)
    PAct                                     0x20000180   Data           2  player.o(.data)
    pkmn                                     0x20000182   Data           1  player.o(.data)
    PA1x                                     0x20000184   Data           2  collision.o(.data)
    PA1y                                     0x20000186   Data           2  collision.o(.data)
    PA2x                                     0x20000188   Data           2  collision.o(.data)
    PA2y                                     0x2000018a   Data           2  collision.o(.data)
    PA3x                                     0x2000018c   Data           2  collision.o(.data)
    PA3y                                     0x2000018e   Data           2  collision.o(.data)
    PA4x                                     0x20000190   Data           2  collision.o(.data)
    PA4y                                     0x20000192   Data           2  collision.o(.data)
    EA1x                                     0x20000194   Data           2  collision.o(.data)
    EA1y                                     0x20000196   Data           2  collision.o(.data)
    EA2x                                     0x20000198   Data           2  collision.o(.data)
    EA2y                                     0x2000019a   Data           2  collision.o(.data)
    EA3x                                     0x2000019c   Data           2  collision.o(.data)
    EA3y                                     0x2000019e   Data           2  collision.o(.data)
    EA4x                                     0x200001a0   Data           2  collision.o(.data)
    EA4y                                     0x200001a2   Data           2  collision.o(.data)
    PH1x                                     0x200001a4   Data           2  collision.o(.data)
    PH3x                                     0x200001a6   Data           2  collision.o(.data)
    PH4x                                     0x200001a8   Data           2  collision.o(.data)
    PH6x                                     0x200001aa   Data           2  collision.o(.data)
    PH7x                                     0x200001ac   Data           2  collision.o(.data)
    PH1y                                     0x200001ae   Data           2  collision.o(.data)
    PH3y                                     0x200001b0   Data           2  collision.o(.data)
    PH4y                                     0x200001b2   Data           2  collision.o(.data)
    PH6y                                     0x200001b4   Data           2  collision.o(.data)
    PH7y                                     0x200001b6   Data           2  collision.o(.data)
    EH1x                                     0x200001b8   Data           2  collision.o(.data)
    EH3x                                     0x200001ba   Data           2  collision.o(.data)
    EH4x                                     0x200001bc   Data           2  collision.o(.data)
    EH6x                                     0x200001be   Data           2  collision.o(.data)
    EH7x                                     0x200001c0   Data           2  collision.o(.data)
    EH1y                                     0x200001c2   Data           2  collision.o(.data)
    EH3y                                     0x200001c4   Data           2  collision.o(.data)
    EH4y                                     0x200001c6   Data           2  collision.o(.data)
    EH6y                                     0x200001c8   Data           2  collision.o(.data)
    EH7y                                     0x200001ca   Data           2  collision.o(.data)
    EAct                                     0x200001cc   Data           2  enemy.o(.data)
    EPAct                                    0x200001ce   Data           1  enemy.o(.data)
    dist                                     0x200001d0   Data           4  enemy.o(.data)
    negd                                     0x200001d4   Data           4  enemy.o(.data)
    random1                                  0x200001d8   Data           4  enemy.o(.data)
    epkmn                                    0x200001dc   Data           1  enemy.o(.data)
    erefl                                    0x200001dd   Data           1  enemy.o(.data)
    width                                    0x200001de   Data           2  hpbar.o(.data)
    charX                                    0x200001e0   Data           2  hpbar.o(.data)
    data                                     0x200001e4   Data           4  charselect.o(.data)
    TExaS_Period                             0x200001e8   Data           4  texas.o(.data)
    TExaS_Ports                              0x200001ec   Data           8  texas.o(.data)
    TExaS_Meter                              0x200001f4   Data           4  texas.o(.data)
    ADCnum                                   0x200001f8   Data           4  texas.o(.data)
    LastMode                                 0x200001fc   Data           4  texas.o(.data)
    bFlag                                    0x20000200   Data           4  texas.o(.data)
    Count                                    0x20000204   Data           4  texas.o(.data)
    DelayBetweenTests                        0x20000208   Data           4  texas.o(.data)
    TExaS_Test                               0x2000020c   Data           4  texas.o(.data)
    ScopeMode                                0x20000210   Data           4  texas.o(.data)
    ScopeCount                               0x20000214   Data           4  texas.o(.data)
    Message                                  0x2000021c   Data          12  st7735.o(.bss)
    TExaS                                    0x20000228   Data          56  texas.o(.bss)
    __libspace_start                         0x20000260   Data          96  libspace.o(.bss)
    __temporary_stack_top$libspace           0x200002c0   Data           0  libspace.o(.bss)



==============================================================================

Memory Map of the image

  Image Entry point : 0x0000026d

  Load Region LR_1 (Base: 0x00000000, Size: 0x0003f90c, Max: 0xffffffff, ABSOLUTE, COMPRESSED[0x0003f740])

    Execution Region ER_RO (Base: 0x00000000, Size: 0x0003f6f0, Max: 0xffffffff, ABSOLUTE)

    Base Addr    Size         Type   Attr      Idx    E Section Name        Object

    0x00000000   0x00000284   Code   RO            3  * RESET               startup.o
    0x00000284   0x00000008   Code   RO          715  * !!!main             c_w.l(__main.o)
    0x0000028c   0x00000034   Code   RO          871    !!!scatter          c_w.l(__scatter.o)
    0x000002c0   0x0000005a   Code   RO          869    !!dczerorl2         c_w.l(__dczerorl2.o)
    0x0000031a   0x00000002   PAD
    0x0000031c   0x0000001c   Code   RO          873    !!handler_zi        c_w.l(__scatter_zi.o)
    0x00000338   0x00000002   Code   RO          742    .ARM.Collect$$libinit$$00000000  c_w.l(libinit.o)
    0x0000033a   0x00000000   Code   RO          749    .ARM.Collect$$libinit$$00000002  c_w.l(libinit2.o)
    0x0000033a   0x00000000   Code   RO          752    .ARM.Collect$$libinit$$00000008  c_w.l(libinit2.o)
    0x0000033a   0x00000000   Code   RO          754    .ARM.Collect$$libinit$$0000000A  c_w.l(libinit2.o)
    0x0000033a   0x00000000   Code   RO          756    .ARM.Collect$$libinit$$0000000C  c_w.l(libinit2.o)
    0x0000033a   0x00000000   Code   RO          759    .ARM.Collect$$libinit$$0000000F  c_w.l(libinit2.o)
    0x0000033a   0x00000000   Code   RO          761    .ARM.Collect$$libinit$$00000011  c_w.l(libinit2.o)
    0x0000033a   0x00000000   Code   RO          763    .ARM.Collect$$libinit$$00000013  c_w.l(libinit2.o)
    0x0000033a   0x00000000   Code   RO          765    .ARM.Collect$$libinit$$00000015  c_w.l(libinit2.o)
    0x0000033a   0x00000000   Code   RO          767    .ARM.Collect$$libinit$$00000017  c_w.l(libinit2.o)
    0x0000033a   0x00000000   Code   RO          769    .ARM.Collect$$libinit$$00000019  c_w.l(libinit2.o)
    0x0000033a   0x00000000   Code   RO          771    .ARM.Collect$$libinit$$0000001B  c_w.l(libinit2.o)
    0x0000033a   0x00000000   Code   RO          773    .ARM.Collect$$libinit$$0000001D  c_w.l(libinit2.o)
    0x0000033a   0x00000000   Code   RO          775    .ARM.Collect$$libinit$$0000001F  c_w.l(libinit2.o)
    0x0000033a   0x00000000   Code   RO          777    .ARM.Collect$$libinit$$00000021  c_w.l(libinit2.o)
    0x0000033a   0x00000000   Code   RO          779    .ARM.Collect$$libinit$$00000023  c_w.l(libinit2.o)
    0x0000033a   0x00000000   Code   RO          783    .ARM.Collect$$libinit$$0000002A  c_w.l(libinit2.o)
    0x0000033a   0x00000000   Code   RO          785    .ARM.Collect$$libinit$$0000002C  c_w.l(libinit2.o)
    0x0000033a   0x00000000   Code   RO          787    .ARM.Collect$$libinit$$0000002E  c_w.l(libinit2.o)
    0x0000033a   0x00000000   Code   RO          789    .ARM.Collect$$libinit$$00000030  c_w.l(libinit2.o)
    0x0000033a   0x00000002   Code   RO          790    .ARM.Collect$$libinit$$00000031  c_w.l(libinit2.o)
    0x0000033c   0x00000002   Code   RO          810    .ARM.Collect$$libshutdown$$00000000  c_w.l(libshutdown.o)
    0x0000033e   0x00000000   Code   RO          824    .ARM.Collect$$libshutdown$$00000003  c_w.l(libshutdown2.o)
    0x0000033e   0x00000000   Code   RO          827    .ARM.Collect$$libshutdown$$00000006  c_w.l(libshutdown2.o)
    0x0000033e   0x00000000   Code   RO          830    .ARM.Collect$$libshutdown$$00000009  c_w.l(libshutdown2.o)
    0x0000033e   0x00000000   Code   RO          832    .ARM.Collect$$libshutdown$$0000000B  c_w.l(libshutdown2.o)
    0x0000033e   0x00000000   Code   RO          835    .ARM.Collect$$libshutdown$$0000000E  c_w.l(libshutdown2.o)
    0x0000033e   0x00000002   Code   RO          836    .ARM.Collect$$libshutdown$$0000000F  c_w.l(libshutdown2.o)
    0x00000340   0x00000000   Code   RO          717    .ARM.Collect$$rtentry$$00000000  c_w.l(rtentry.o)
    0x00000340   0x00000000   Code   RO          719    .ARM.Collect$$rtentry$$00000002  c_w.l(rtentry2.o)
    0x00000340   0x00000006   Code   RO          731    .ARM.Collect$$rtentry$$00000004  c_w.l(rtentry4.o)
    0x00000346   0x00000000   Code   RO          721    .ARM.Collect$$rtentry$$00000009  c_w.l(rtentry2.o)
    0x00000346   0x00000004   Code   RO          722    .ARM.Collect$$rtentry$$0000000A  c_w.l(rtentry2.o)
    0x0000034a   0x00000000   Code   RO          724    .ARM.Collect$$rtentry$$0000000C  c_w.l(rtentry2.o)
    0x0000034a   0x00000008   Code   RO          725    .ARM.Collect$$rtentry$$0000000D  c_w.l(rtentry2.o)
    0x00000352   0x00000002   Code   RO          746    .ARM.Collect$$rtexit$$00000000  c_w.l(rtexit.o)
    0x00000354   0x00000000   Code   RO          792    .ARM.Collect$$rtexit$$00000002  c_w.l(rtexit2.o)
    0x00000354   0x00000004   Code   RO          793    .ARM.Collect$$rtexit$$00000003  c_w.l(rtexit2.o)
    0x00000358   0x00000006   Code   RO          794    .ARM.Collect$$rtexit$$00000004  c_w.l(rtexit2.o)
    0x0000035e   0x00000002   PAD
    0x00000360   0x00000030   Code   RO            4    .text               startup.o
    0x00000390   0x0000003c   Code   RO           13    .text               random.o
    0x000003cc   0x00000048   Code   RO          195    .text               lcd.o
    0x00000414   0x000004a0   Code   RO          692    .text               texas.o
    0x000008b4   0x00000064   Code   RO          711    .text               c_w.l(rt_memcpy_w.o)
    0x00000918   0x00000006   Code   RO          713    .text               c_w.l(heapauxi.o)
    0x0000091e   0x0000004a   Code   RO          733    .text               c_w.l(sys_stackheap_outer.o)
    0x00000968   0x0000000c   Code   RO          735    .text               c_w.l(exit.o)
    0x00000974   0x00000008   Code   RO          743    .text               c_w.l(libspace.o)
    0x0000097c   0x0000000c   Code   RO          802    .text               c_w.l(sys_exit.o)
    0x00000988   0x00000002   Code   RO          813    .text               c_w.l(use_no_semi.o)
    0x0000098a   0x00000000   Code   RO          815    .text               c_w.l(indicate_semi.o)
    0x0000098a   0x00000002   PAD
    0x0000098c   0x0000002c   Code   RO           41    i.ADC_In            adc.o
    0x000009b8   0x000000e8   Code   RO           42    i.ADC_Init          adc.o
    0x00000aa0   0x000003c0   Code   RO          510    i.Atk1              movement.o
    0x00000e60   0x0000062c   Code   RO          511    i.Atk2              movement.o
    0x0000148c   0x00000134   Code   RO          676    i.CharSelect        charselect.o
    0x000015c0   0x00000060   Code   RO           16    i.DAC_Init          dac.o
    0x00001620   0x0000000c   Code   RO           17    i.DAC_Out           dac.o
    0x0000162c   0x00000050   Code   RO          512    i.Dead              movement.o
    0x0000167c   0x00000024   Code   RO          201    i.Delay100ms        spaceinvaders.o
    0x000016a0   0x00000024   Code   RO          513    i.Delay10ms         movement.o
    0x000016c4   0x00000020   Code   RO          247    i.Delay1ms          st7735.o
    0x000016e4   0x00000a28   Code   RO          585    i.DetectCollision   collision.o
    0x0000210c   0x0000039c   Code   RO          661    i.DisplayResults    resultsscreen.o
    0x000024a8   0x00000002   Code   RO          202    i.DoNothing         spaceinvaders.o
    0x000024aa   0x00000002   PAD
    0x000024ac   0x00000324   Code   RO          617    i.DrawHP            hpbar.o
    0x000027d0   0x00002234   Code   RO          601    i.Enemy_Update      enemy.o
    0x00004a04   0x0000018c   Code   RO          515    i.Jump              movement.o
    0x00004b90   0x000000e0   Code   RO          516    i.MoveL             movement.o
    0x00004c70   0x000000e0   Code   RO          517    i.MoveR             movement.o
    0x00004d50   0x00000010   Code   RO          250    i.Output_Init       st7735.o
    0x00004d60   0x00000dc0   Code   RO          569    i.Player_Update     player.o
    0x00005b20   0x00000060   Code   RO           59    i.PortE_Init        timer0.o
    0x00005b80   0x00000018   Code   RO          253    i.ST7735_Color565   st7735.o
    0x00005b98   0x00000120   Code   RO          254    i.ST7735_DrawBitmap  st7735.o
    0x00005cb8   0x0000010c   Code   RO          255    i.ST7735_DrawChar   st7735.o
    0x00005dc4   0x000000f4   Code   RO          256    i.ST7735_DrawCharS  st7735.o
    0x00005eb8   0x0000007c   Code   RO          257    i.ST7735_DrawFastHLine  st7735.o
    0x00005f34   0x0000007c   Code   RO          258    i.ST7735_DrawFastVLine  st7735.o
    0x00005fb0   0x00000048   Code   RO          259    i.ST7735_DrawPixel  st7735.o
    0x00005ff8   0x00000056   Code   RO          260    i.ST7735_DrawString  st7735.o
    0x0000604e   0x00000002   PAD
    0x00006050   0x000000ac   Code   RO          261    i.ST7735_FillRect   st7735.o
    0x000060fc   0x00000024   Code   RO          262    i.ST7735_FillScreen  st7735.o
    0x00006120   0x0000007c   Code   RO          264    i.ST7735_InitR      st7735.o
    0x0000619c   0x000000d4   Code   RO          266    i.ST7735_OutChar    st7735.o
    0x00006270   0x00000018   Code   RO          267    i.ST7735_OutString  st7735.o
    0x00006288   0x0000008c   Code   RO          268    i.ST7735_OutUDec    st7735.o
    0x00006314   0x00000020   Code   RO          277    i.ST7735_SetCursor  st7735.o
    0x00006334   0x000000d4   Code   RO          278    i.ST7735_SetRotation  st7735.o
    0x00006408   0x00000028   Code   RO          107    i.Sound_Battle1     sound.o
    0x00006430   0x000000a0   Code   RO          109    i.Sound_Init        sound.o
    0x000064d0   0x00000024   Code   RO          110    i.Sound_Lose        sound.o
    0x000064f4   0x00000024   Code   RO          111    i.Sound_Obtain      sound.o
    0x00006518   0x00000014   Code   RO          113    i.Sound_Play        sound.o
    0x0000652c   0x00000014   Code   RO          114    i.Sound_Resume      sound.o
    0x00006540   0x00000024   Code   RO          115    i.Sound_Select      sound.o
    0x00006564   0x00000020   Code   RO          116    i.Sound_Stop        sound.o
    0x00006584   0x00000024   Code   RO          118    i.Sound_Win         sound.o
    0x000065a8   0x0000007c   Code   RO          119    i.SysTick_Handler   sound.o
    0x00006624   0x00000368   Code   RO          645    i.TestLuck          roulette.o
    0x0000698c   0x00000018   Code   RO           60    i.Timer0A_Handler   timer0.o
    0x000069a4   0x00000060   Code   RO           61    i.Timer0_Init       timer0.o
    0x00006a04   0x00000018   Code   RO           86    i.Timer1A_Handler   timer1.o
    0x00006a1c   0x00000060   Code   RO           87    i.Timer1_Init       timer1.o
    0x00006a7c   0x00000056   Code   RO          281    i.commandList       st7735.o
    0x00006ad2   0x00000002   PAD
    0x00006ad4   0x00000184   Code   RO          282    i.commonInit        st7735.o
    0x00006c58   0x00000048   Code   RO          285    i.fillmessage       st7735.o
    0x00006ca0   0x00000924   Code   RO          203    i.main              spaceinvaders.o
    0x000075c4   0x00000012   Code   RO          287    i.pushColor         st7735.o
    0x000075d6   0x00000002   PAD
    0x000075d8   0x00000074   Code   RO          288    i.setAddrWindow     st7735.o
    0x0000764c   0x00013737   Data   RO          120    .constdata          sound.o
    0x0001ad83   0x00000001   PAD
    0x0001ad84   0x000203e0   Data   RO          204    .constdata          spaceinvaders.o
    0x0003b164   0x000007e2   Data   RO          290    .constdata          st7735.o
    0x0003b946   0x00000002   PAD
    0x0003b948   0x000009de   Data   RO          518    .constdata          movement.o
    0x0003c326   0x000006e8   Data   RO          646    .constdata          roulette.o
    0x0003ca0e   0x00002bd2   Data   RO          677    .constdata          charselect.o
    0x0003f5e0   0x000000f0   Data   RO          694    .constdata          texas.o
    0x0003f6d0   0x00000020   Data   RO          867    Region$$Table       anon$$obj.o


    Execution Region ER_RW (Base: 0x20000000, Size: 0x0000021c, Max: 0xffffffff, ABSOLUTE, COMPRESSED[0x00000050])

    Base Addr    Size         Type   Attr      Idx    E Section Name        Object

    0x20000000   0x00000004   Data   RW           62    .data               timer0.o
    0x20000004   0x00000004   Data   RW           88    .data               timer1.o
    0x20000008   0x00000014   Data   RW          121    .data               sound.o
    0x2000001c   0x00000110   Data   RW          205    .data               spaceinvaders.o
    0x2000012c   0x0000002c   Data   RW          291    .data               st7735.o
    0x20000158   0x00000024   Data   RW          519    .data               movement.o
    0x2000017c   0x00000007   Data   RW          570    .data               player.o
    0x20000183   0x00000001   PAD
    0x20000184   0x00000048   Data   RW          586    .data               collision.o
    0x200001cc   0x00000012   Data   RW          602    .data               enemy.o
    0x200001de   0x00000004   Data   RW          620    .data               hpbar.o
    0x200001e2   0x00000002   PAD
    0x200001e4   0x00000004   Data   RW          678    .data               charselect.o
    0x200001e8   0x00000030   Data   RW          695    .data               texas.o
    0x20000218   0x00000004   Data   RW           12    DATA                random.o


    Execution Region ER_ZI (Base: 0x2000021c, Size: 0x000004a4, Max: 0xffffffff, ABSOLUTE)

    Base Addr    Size         Type   Attr      Idx    E Section Name        Object

    0x2000021c   0x0000000c   Zero   RW          289    .bss                st7735.o
    0x20000228   0x00000038   Zero   RW          693    .bss                texas.o
    0x20000260   0x00000060   Zero   RW          744    .bss                c_w.l(libspace.o)
    0x200002c0   0x00000000   Zero   RW            2    HEAP                startup.o
    0x200002c0   0x00000400   Zero   RW            1    STACK               startup.o


==============================================================================

Image component sizes


      Code (inc. data)   RO Data    RW Data    ZI Data      Debug   Object Name

       276         38          0          0          0       1120   adc.o
       308         80      11218          4          0       1456   charselect.o
      2600        254          0         72          0       2720   collision.o
       108         18          0          0          0       5017   dac.o
      8756        386          0         18          0       2490   enemy.o
       804         32          0          4          0        843   hpbar.o
        72         14          0          0          0        208   lcd.o
      3500        192       2526         36          0       8615   movement.o
      3520        128          0          7          0       1416   player.o
        60         14          0          4          0        212   random.o
       924         58          0          0          0        873   resultsscreen.o
       872         88       1768          0          0       2002   roulette.o
       540        142      79671         20          0       4866   sound.o
      2378        220     132064        272          0       6670   spaceinvaders.o
      2910        256       2018         44         12      16742   st7735.o
       692        632          0          0       1024        924   startup.o
      1184        188        240         48         56      14668   texas.o
       216         40          0          4          0       1741   timer0.o
       120         28          0          4          0       1316   timer1.o

    ----------------------------------------------------------------------
     29848       2808     229540        540       1092      73899   Object Totals
         0          0         32          0          0          0   (incl. Generated)
         8          0          3          3          0          0   (incl. Padding)

    ----------------------------------------------------------------------

      Code (inc. data)   RO Data    RW Data    ZI Data      Debug   Library Member Name

        90          0          0          0          0          0   __dczerorl2.o
         8          0          0          0          0         68   __main.o
        52          8          0          0          0          0   __scatter.o
        28          0          0          0          0          0   __scatter_zi.o
        12          0          0          0          0         72   exit.o
         6          0          0          0          0        152   heapauxi.o
         0          0          0          0          0          0   indicate_semi.o
         2          0          0          0          0          0   libinit.o
         2          0          0          0          0          0   libinit2.o
         2          0          0          0          0          0   libshutdown.o
         2          0          0          0          0          0   libshutdown2.o
         8          4          0          0         96         68   libspace.o
       100          0          0          0          0         80   rt_memcpy_w.o
         0          0          0          0          0          0   rtentry.o
        12          0          0          0          0          0   rtentry2.o
         6          0          0          0          0          0   rtentry4.o
         2          0          0          0          0          0   rtexit.o
        10          0          0          0          0          0   rtexit2.o
        12          4          0          0          0         68   sys_exit.o
        74          0          0          0          0         80   sys_stackheap_outer.o
         2          0          0          0          0         68   use_no_semi.o

    ----------------------------------------------------------------------
       436         16          0          0         96        656   Library Totals
         6          0          0          0          0          0   (incl. Padding)

    ----------------------------------------------------------------------

      Code (inc. data)   RO Data    RW Data    ZI Data      Debug   Library Name

       430         16          0          0         96        656   c_w.l

    ----------------------------------------------------------------------
       436         16          0          0         96        656   Library Totals

    ----------------------------------------------------------------------

==============================================================================


      Code (inc. data)   RO Data    RW Data    ZI Data      Debug   

     30284       2824     229540        540       1188      71175   Grand Totals
     30284       2824     229540         80       1188      71175   ELF Image Totals (compressed)
     30284       2824     229540         80          0          0   ROM Totals

==============================================================================

    Total RO  Size (Code + RO Data)               259824 ( 253.73kB)
    Total RW  Size (RW Data + ZI Data)              1728 (   1.69kB)
    Total ROM Size (Code + RO Data + RW Data)     259904 ( 253.81kB)

==============================================================================

